
> katalog-whatsapp@0.1.0 build
> next build

Γû▓ Next.js 16.1.6 (Turbopack)
- Environments: .env.local

  Creating an optimized production build ...
Γ£ô Compiled successfully in 1773.0ms
  Running TypeScript ...
  Collecting page data using 11 workers ...
  Generating static pages using 11 workers (0/9) ...
node.exe : Error 
occurred prerendering 
page 
"/dashboard/products". 
Read more: https://next
js.org/docs/messages/pr
erender-error
At line:1 char:1
+ & "C:\Program 
Files\nodejs/node.exe" 
"C:\Program 
Files\nodejs/node_mo 
...
+ ~~~~~~~~~~~~~~~~~~~~~
~~~~~~~~~~~~~~~~~~~~~~~
~~~~~~~~~~~~~~~~~~~~~~~
~~
    + CategoryInfo     
         : NotSpecifi  
  ed: (Error occurre   
 d ...prerender-err    
or:String) [], Rem    
oteException
    + FullyQualifiedEr 
   rorId : NativeComm  
  andError
 
Error: supabaseUrl is 
required.
    at <unknown> 
(E:\APP PROJECT\katalog
-whatsapp\.next\server\
chunks\ssr\src_lib_supa
base_ts_187e04b9._.js:3
7:43440)
    at new ce (E:\APP P
ROJECT\katalog-whatsapp
\.next\server\chunks\ss
r\src_lib_supabase_ts_1
87e04b9._.js:37:43691)
    at module 
evaluation (E:\APP PROJ
ECT\katalog-whatsapp\.n
ext\server\chunks\ssr\s
rc_lib_supabase_ts_187e
04b9._.js:37:48029)
    at 
instantiateModule 
(E:\APP PROJECT\katalog
-whatsapp\.next\server\
chunks\ssr\[turbopack]_
runtime.js:740:9)
    at getOrInstantiate
ModuleFromParent 
(E:\APP PROJECT\katalog
-whatsapp\.next\server\
chunks\ssr\[turbopack]_
runtime.js:763:12)
    at 
Context.esmImport [as 
i] (E:\APP PROJECT\kata
log-whatsapp\.next\serv
er\chunks\ssr\[turbopac
k]_runtime.js:228:20)
    at module 
evaluation (E:\APP PROJ
ECT\katalog-whatsapp\.n
ext\server\chunks\ssr\[
root-of-the-server]__a1
aa011d._.js:1:3710)
    at 
instantiateModule 
(E:\APP PROJECT\katalog
-whatsapp\.next\server\
chunks\ssr\[turbopack]_
runtime.js:740:9)
    at getOrInstantiate
ModuleFromParent 
(E:\APP PROJECT\katalog
-whatsapp\.next\server\
chunks\ssr\[turbopack]_
runtime.js:763:12)
    at Context.commonJs
Require [as r] (E:\APP 
PROJECT\katalog-whatsap
p\.next\server\chunks\s
sr\[turbopack]_runtime.
js:249:12) {
  digest: '2317147885'
}
Export encountered an 
error on /dashboard/pro
ducts/page: 
/dashboard/products, 
exiting the build.
Γ¿» Next.js build 
worker exited with 
code: 1 and signal: 
null
